// Jest Snapshot v1, https://goo.gl/fbAQLP

exports[`Se renderiz√≥ el homePage 1`] = `
<div>
  Soy el home 2
</div>
`;
